[2025-11-24 02:43:41] complete.php accessed – GET: {"resultIndicator":"9b2c4c2f5fe0447d","sessionVersion":"6baaa15209","checkoutVersion":"1.0.0"} | SESSION: {"pending_payment_app_id":127,"pending_amount":27000,"pending_installment":"first","session_id":"SESSION0002258828366N5821764J53","success_indicator":"9b2c4c2f5fe0447d","order_id":"2DB42F13-FIRST-1763973781","amount":27000,"reference_no":"2DB42F13"}
[2025-11-24 02:43:41] Online payment SUCCESS: Rs. 27000 | Installment: first | Ref: 2DB42F13
[2025-11-24 02:50:44] complete.php accessed – GET: [] | SESSION: []
[2025-11-24 02:50:44] ERROR: Missing reference_no in session
[2025-11-24 02:55:05] complete.php accessed – GET: {"resultIndicator":"283c2f3643e94c63","sessionVersion":"639851a809","checkoutVersion":"1.0.0"} | SESSION: {"session_id":"SESSION0002337429395H3597445N31","success_indicator":"283c2f3643e94c63","order_id":"708065D1-FIRST-1763974458","reference_no":"708065D1","amount_to_pay":37000,"installment_type":"first","application_id":null}
[2025-11-24 02:55:05] Online payment SUCCESS: Rs. 0 | Installment: first | Ref: 708065D1
[2025-11-24 04:25:34] complete.php accessed – SESSION: {"session_id":"SESSION0002333422299K97536940L2","success_indicator":"60c38e3900de45b9","order_id":"B582C0AF-FIRST-1763979732","reference_no":"B582C0AF","amount_to_pay":27000,"installment_type":"first","application_id":null}
[2025-11-24 04:25:34] Application not found: ID 0
[2025-11-24 04:26:24] complete.php accessed – SESSION: []
[2025-11-24 04:26:24] ERROR: Missing session data
[2025-11-24 04:26:25] complete.php accessed – SESSION: []
[2025-11-24 04:26:25] ERROR: Missing session data
[2025-11-24 04:27:48] complete.php accessed – GET: {"resultIndicator":"60c38e3900de45b9","sessionVersion":"bd605f4c09","checkoutVersion":"1.0.0"} | SESSION: {"session_id":"SESSION0002333422299K97536940L2","success_indicator":"60c38e3900de45b9","order_id":"B582C0AF-FIRST-1763979732","reference_no":"B582C0AF","amount_to_pay":27000,"installment_type":"first","application_id":null}
[2025-11-24 04:27:48] Application not found: 0
[2025-11-24 04:27:49] complete.php accessed – GET: {"resultIndicator":"60c38e3900de45b9","sessionVersion":"bd605f4c09","checkoutVersion":"1.0.0"} | SESSION: {"session_id":"SESSION0002333422299K97536940L2","success_indicator":"60c38e3900de45b9","order_id":"B582C0AF-FIRST-1763979732","reference_no":"B582C0AF","amount_to_pay":27000,"installment_type":"first","application_id":null}
[2025-11-24 04:27:49] Application not found: 0
[2025-11-24 04:27:50] complete.php accessed – GET: {"resultIndicator":"60c38e3900de45b9","sessionVersion":"bd605f4c09","checkoutVersion":"1.0.0"} | SESSION: {"session_id":"SESSION0002333422299K97536940L2","success_indicator":"60c38e3900de45b9","order_id":"B582C0AF-FIRST-1763979732","reference_no":"B582C0AF","amount_to_pay":27000,"installment_type":"first","application_id":null}
[2025-11-24 04:27:50] Application not found: 0
[2025-11-24 04:41:12] complete.php accessed – GET: {"resultIndicator":"5bd6b8085e5145c7","sessionVersion":"ed1a455309","checkoutVersion":"1.0.0"} | SESSION: {"session_id":"SESSION0002967106194M53671538M0","success_indicator":"5bd6b8085e5145c7","order_id":"4E25D62F-FIRST-1763980823","reference_no":"4E25D62F","amount_to_pay":77000,"installment_type":"first","application_id":130}
[2025-11-24 04:41:12] SUCCESS: Payment recorded – Rs. 77000 | Ref: 4E25D62F | first
[2025-11-24 05:08:36] complete.php accessed – GET: {"resultIndicator":"afd1cec6592146a4","sessionVersion":"92ff6b7009","checkoutVersion":"1.0.0"} | SESSION: {"session_id":"SESSION0002778646791J93415541K0","success_indicator":"afd1cec6592146a4","order_id":"4E25D62F-FULL-1763982461","reference_no":"4E25D62F","amount_to_pay":152000,"installment_type":"full","application_id":130}
[2025-11-24 05:08:36] SUCCESS: Payment recorded – Rs. 152000 | Ref: 4E25D62F | full
[2025-11-24 05:26:06] complete.php accessed – GET: {"resultIndicator":"616480e1a1b4425d","sessionVersion":"a302add609","checkoutVersion":"1.0.0"} | SESSION: {"session_id":"SESSION0002886090006M59716683G0","success_indicator":"616480e1a1b4425d","order_id":"78005EFF-FIRST-1763983517","reference_no":"78005EFF","amount_to_pay":24500,"installment_type":"first","application_id":131}
[2025-11-24 05:26:06] SUCCESS: Payment recorded – Rs. 24500 | Ref: 78005EFF | first
[2025-11-24 05:26:56] complete.php accessed – GET: {"resultIndicator":"616480e1a1b4425d","sessionVersion":"a302add609","checkoutVersion":"1.0.0"} | SESSION: []
[2025-11-24 05:26:56] ERROR: Missing session or URL data
[2025-11-24 05:26:58] complete.php accessed – GET: {"resultIndicator":"616480e1a1b4425d","sessionVersion":"a302add609","checkoutVersion":"1.0.0"} | SESSION: []
[2025-11-24 05:26:58] ERROR: Missing session or URL data
[2025-11-24 05:26:59] complete.php accessed – GET: {"resultIndicator":"616480e1a1b4425d","sessionVersion":"a302add609","checkoutVersion":"1.0.0"} | SESSION: []
[2025-11-24 05:26:59] ERROR: Missing session or URL data
[2025-11-24 05:31:07] complete.php accessed – GET: {"resultIndicator":"cfd6dfc3f79245c2","sessionVersion":"7115514009","checkoutVersion":"1.0.0"} | SESSION: {"session_id":"SESSION0002650701037I02883243M2","success_indicator":"cfd6dfc3f79245c2","order_id":"78005EFF-FULL-1763983831","reference_no":"78005EFF","amount_to_pay":22500,"installment_type":"full","application_id":131}
[2025-11-24 05:31:07] SUCCESS: Payment recorded – Rs. 22500 | Ref: 78005EFF | full
[2025-11-24 05:39:43] complete.php accessed – GET: {"resultIndicator":"baa454f2af6047c0","sessionVersion":"444de86c09","checkoutVersion":"1.0.0"} | SESSION: {"session_id":"SESSION0002669151595H27350835N8","success_indicator":"baa454f2af6047c0","order_id":"4DF40B46-FIRST-1763984333","reference_no":"4DF40B46","amount_to_pay":27000,"installment_type":"first","application_id":132}
[2025-11-24 05:39:43] Payment recorded: Rs. 27000 | Due now: Rs. 25000 | Ref: 4DF40B46
[2025-11-24 05:40:48] complete.php accessed – GET: {"resultIndicator":"76d9f552d4b44767","sessionVersion":"d0ef946309","checkoutVersion":"1.0.0"} | SESSION: {"session_id":"SESSION0002579315798N83602145J6","success_indicator":"76d9f552d4b44767","order_id":"4DF40B46-FULL-1763984408","reference_no":"4DF40B46","amount_to_pay":25000,"installment_type":"full","application_id":132}
[2025-11-24 05:40:48] Payment recorded: Rs. 25000 | Due now: Rs. 0 | Ref: 4DF40B46
[2025-11-25 01:01:55] complete.php accessed – GET: {"resultIndicator":"d4f7769ed9bb4113","sessionVersion":"4968c63009","checkoutVersion":"1.0.0"} | SESSION: {"session_id":"SESSION0002754470914M05755987E7","success_indicator":"d4f7769ed9bb4113","order_id":"29B4F5BD-FULL-1764053994","reference_no":"29B4F5BD","amount_to_pay":2000,"installment_type":"full","application_id":135}
[2025-11-25 01:01:55] Payment recorded: Rs. 2000 | Due now: Rs. 50000 | Ref: 29B4F5BD
[2025-11-25 01:02:34] complete.php accessed – GET: {"resultIndicator":"d4f7769ed9bb4113","sessionVersion":"4968c63009","checkoutVersion":"1.0.0"} | SESSION: []
[2025-11-25 01:18:40] complete.php accessed – GET: {"resultIndicator":"60eac8e05f234843","sessionVersion":"e81f36b109","checkoutVersion":"1.0.0"} | SESSION: {"session_id":"SESSION0002447846059H14700578H1","success_indicator":"60eac8e05f234843","order_id":"9D99EF8E-FULL-1764055052","reference_no":"9D99EF8E","amount_to_pay":2000,"installment_type":"full","application_id":136}
[2025-11-25 01:18:40] Payment recorded: Rs. 2000 | Due now: Rs. 70000 | Ref: 9D99EF8E
[2025-11-25 01:26:45] complete.php accessed – GET: {"resultIndicator":"e5136651b876475f","sessionVersion":"995a69a509","checkoutVersion":"1.0.0"} | SESSION: {"session_id":"SESSION0002818520760F06409018H4","success_indicator":"e5136651b876475f","order_id":"9B487BE1-FULL-1764055341","reference_no":"9B487BE1","amount_to_pay":2000,"installment_type":"full","application_id":137}
[2025-11-25 01:26:45] Payment recorded | Amount: Rs. 2000 | Due: Rs. 0 | Charge Type: free | Ref: 9B487BE1
[2025-11-25 01:55:25] complete.php accessed – GET: [] | SESSION: []
[2025-11-25 01:55:26] complete.php accessed – GET: [] | SESSION: []
[2025-11-25 06:05:49] complete.php accessed – GET: {"resultIndicator":"de0ea136e05a4ce7","sessionVersion":"b0a597ab09","checkoutVersion":"1.0.0"} | SESSION: {"application_success":{"name":"user","ref":"4568C7B6","course":"Certificate in Basic Gemmology"},"session_id":"SESSION0002834078681H60269094E4","success_indicator":"4a9cd06f40ec4043","order_id":"6034528C-FULL-1764072280","reference_no":"6034528C","amount_to_pay":50000,"installment_type":"full","application_id":144}
[2025-11-25 06:05:50] complete.php accessed – GET: {"resultIndicator":"4a9cd06f40ec4043","sessionVersion":"e96a6ea309","checkoutVersion":"1.0.0"} | SESSION: {"application_success":{"name":"user","ref":"4568C7B6","course":"Certificate in Basic Gemmology"},"session_id":"SESSION0002834078681H60269094E4","success_indicator":"4a9cd06f40ec4043","order_id":"6034528C-FULL-1764072280","reference_no":"6034528C","amount_to_pay":50000,"installment_type":"full","application_id":144}
[2025-11-25 06:05:50] Payment recorded | Amount: Rs. 50000 | Due: Rs. 0 | Charge Type: payable | Ref: 6034528C
[2025-11-25 06:09:20] complete.php accessed – GET: {"resultIndicator":"de0ea136e05a4ce7","sessionVersion":"b0a597ab09","checkoutVersion":"1.0.0"} | SESSION: []
[2025-11-25 06:09:20] complete.php accessed – GET: {"resultIndicator":"de0ea136e05a4ce7","sessionVersion":"b0a597ab09","checkoutVersion":"1.0.0"} | SESSION: []
[2025-11-25 06:13:40] complete.php accessed – GET: {"resultIndicator":"9827ac9538c94ec1","sessionVersion":"0d444bf309","checkoutVersion":"1.0.0"} | SESSION: {"session_id":"SESSION0002965343138N01774696E3","success_indicator":"9827ac9538c94ec1","order_id":"4568C7B6-FULL-1764072776","reference_no":"4568C7B6","amount_to_pay":25000,"installment_type":"full","application_id":145}
[2025-11-25 06:13:40] Payment recorded | Amount: Rs. 25000 | Due: Rs. 0 | Charge Type: payable | Ref: 4568C7B6
[2025-11-25 06:15:27] complete.php accessed – GET: {"resultIndicator":"5586818dff8a4606","sessionVersion":"9cc4710109","checkoutVersion":"1.0.0"} | SESSION: {"application_success":{"name":"User Test","ref":"C0696245","course":"Certificate in Basic Gemmology"},"session_id":"SESSION0002315725969F94641612N4","success_indicator":"5586818dff8a4606","order_id":"C0696245-FIRST-1764072893","reference_no":"C0696245","amount_to_pay":27000,"installment_type":"first","application_id":146}
[2025-11-25 06:15:27] Payment recorded | Amount: Rs. 27000 | Due: Rs. 25000 | Charge Type: payable | Ref: C0696245
[2025-11-25 06:36:15] complete.php accessed – GET: {"resultIndicator":"c18710a1f5744a51","sessionVersion":"6b9de68609","checkoutVersion":"1.0.0"} | SESSION: {"application_success":{"name":"User Test","ref":"A92B755F","course":"Gem-A Foundation Course"},"session_id":"SESSION0002887885825G54353609G0","success_indicator":"c18710a1f5744a51","order_id":"A92B755F-FULL-1764074114","reference_no":"A92B755F","amount_to_pay":599567.21999999997206032276153564453125,"installment_type":"full","application_id":148}
[2025-11-25 06:36:15] Payment recorded | Amount: Rs. 599567.22 | Due: Rs. 0 | Charge Type: payable | Ref: A92B755F
[2025-11-25 22:19:04] complete.php accessed – GET: {"resultIndicator":"83fad3b2774240d4","sessionVersion":"4f9ad65309","checkoutVersion":"1.0.0"} | SESSION: {"user":{"email":"admin_gem@gmail.com","username":"admin_gem"},"application_success":{"name":"1","ref":"95B239D1","course":"Certificate in Gemmology"},"session_id":"SESSION0002986976387J9434197M09","success_indicator":"83fad3b2774240d4","order_id":"95B239D1-FIRST-1764130688","reference_no":"95B239D1","amount_to_pay":37000,"installment_type":"first","application_id":154}
[2025-11-25 22:19:04] Payment recorded | Amount: Rs. 37000 | Due: Rs. 35000 | Charge Type: payable | Ref: 95B239D1
[2025-11-25 22:20:31] complete.php accessed – GET: {"resultIndicator":"fbce6d6e520047c7","sessionVersion":"0fb8b4be09","checkoutVersion":"1.0.0"} | SESSION: {"session_id":"SESSION0002041598291F8392174L95","success_indicator":"fbce6d6e520047c7","order_id":"95B239D1-FULL-1764130768","reference_no":"95B239D1","amount_to_pay":35000,"installment_type":"full","application_id":154}
[2025-11-25 22:20:31] Payment recorded | Amount: Rs. 35000 | Due: Rs. 0 | Charge Type: payable | Ref: 95B239D1
[2025-11-25 22:23:32] complete.php accessed – GET: {"resultIndicator":"b46ae7ec6d164e50","sessionVersion":"cfa6b32b09","checkoutVersion":"1.0.0"} | SESSION: {"application_success":{"name":"2","ref":"279C1225","course":"Certificate in Gem Cutting and Polishing (Weekend)"},"session_id":"SESSION0002207357514G0339811F08","success_indicator":"b46ae7ec6d164e50","order_id":"279C1225-FULL-1764130976","reference_no":"279C1225","amount_to_pay":37000,"installment_type":"full","application_id":155}
[2025-11-25 22:23:32] Payment recorded | Amount: Rs. 37000 | Due: Rs. 0 | Charge Type: payable | Ref: 279C1225
[2025-11-25 22:27:46] complete.php accessed – GET: {"resultIndicator":"9069310607fc4585","sessionVersion":"aa9bc42109","checkoutVersion":"1.0.0"} | SESSION: {"application_success":{"name":"3","ref":"E7B20C29","course":"Certificate in Geuda Heat Treatment"},"session_id":"SESSION0002589535174E5302898H96","success_indicator":"9069310607fc4585","order_id":"E7B20C29-FULL-1764131144","reference_no":"E7B20C29","amount_to_pay":57000,"installment_type":"full","application_id":156}
[2025-11-25 22:27:46] Payment recorded | Amount: Rs. 57000 | Due: Rs. 0 | Charge Type: payable | Ref: E7B20C29
[2025-11-25 22:48:53] complete.php accessed – GET: {"resultIndicator":"a721a2422b304ae6","sessionVersion":"4aaff5c309","checkoutVersion":"1.0.0"} | SESSION: {"application_success":{"name":"6","ref":"349F6070","course":"Jewellery Certificate in Tailor \u2013 Made Courses"},"session_id":"SESSION0002447103001H3302599G57","success_indicator":"a721a2422b304ae6","order_id":"349F6070-FULL-1764131854","reference_no":"349F6070","amount_to_pay":140000,"installment_type":"full","application_id":159}
[2025-11-25 22:48:53] Payment recorded | Amount: Rs. 140000 | Due: Rs. 0 | Charge Type: payable | Ref: 349F6070
[2025-11-26 05:20:12] complete.php accessed – GET: {"resultIndicator":"0ce934d2334d49ab","sessionVersion":"a4e98e1909","checkoutVersion":"1.0.0"} | SESSION: {"application_success":{"name":"1","ref":"A563F1AC","course":"Certificate in Jewellery Manufacturing (NVQ 3)"},"session_id":"SESSION0002227429319H1883996E37","success_indicator":"0ce934d2334d49ab","order_id":"A563F1AC-FULL-1764155960","reference_no":"A563F1AC","amount_to_pay":22000,"installment_type":"full","application_id":172}
[2025-11-26 05:20:12] Payment recorded | Amount: Rs. 22000 | Due: Rs. 0 | Charge Type: payable | Ref: A563F1AC
[2025-11-26 05:53:24] complete.php accessed – GET: {"resultIndicator":"2a2232b792f44d40","sessionVersion":"a4a291be09","checkoutVersion":"1.0.0"} | SESSION: {"application_success":{"name":"Sutharshan","ref":"DFD70A24","course":"Jewellery Certificate in Tailor \u2013 Made Courses"},"session_id":"SESSION0002099076656E3555970F78","success_indicator":"2a2232b792f44d40","order_id":"DFD70A24-FULL-1764157950","reference_no":"DFD70A24","amount_to_pay":50000,"installment_type":"full","application_id":173}
[2025-11-26 05:53:24] Payment recorded | Amount: Rs. 50000 | Due: Rs. 0 | Charge Type: payable | Ref: DFD70A24
[2025-12-10 02:30:10] complete.php accessed – GET: [] | SESSION: []
[2025-12-10 02:30:12] complete.php accessed – GET: [] | SESSION: []
[2025-12-10 02:32:58] complete.php accessed – GET: [] | SESSION: []
[2025-12-10 06:02:08] complete.php accessed – GET: [] | SESSION: []
[2025-12-10 22:20:18] complete.php accessed – GET: {"resultIndicator":"fdc29eaf2fc94683","sessionVersion":"f23dec1509","checkoutVersion":"1.0.0"} | SESSION: {"user_id":1,"user_name":"Yohani Abeykoon","user_email":"yohanii725@gmail.com","participant_type":"Presenting Author","role":"participant","logged_in":true,"session_id":"SESSION0002743030973I4054954H03","success_indicator":"fdc29eaf2fc94683","order_id":"1-FULL-1765426712","reference_no":"1","amount_to_pay":1000,"installment_type":"full","application_id":1}
[2025-12-10 23:43:58] complete.php accessed – GET: {"resultIndicator":"c086e379b9764c65","sessionVersion":"edfe054509","checkoutVersion":"1.0.0"} | SESSION: {"application_success":{"name":"SATKUNANATHAN SUTHARSHAN","ref":"98E6C6DC","course":"Certificate in Gemmology"},"user":{"email":"admin_gem@gmail.com","username":"admin_gem"},"session_id":"SESSION0002971883648F3269443K91","success_indicator":"c086e379b9764c65","order_id":"98E6C6DC-FIRST-1765431749","reference_no":"98E6C6DC","amount_to_pay":37000,"installment_type":"first","application_id":176}
[2025-12-10 23:43:58] Payment recorded | Amount: Rs. 37000 | Due: Rs. 35000 | Charge Type: payable | Ref: 98E6C6DC
[2025-12-31 04:24:51] complete.php accessed – GET: {"resultIndicator":"0ad8f4f132ad47d3","sessionVersion":"6335348509","checkoutVersion":"1.0.0"} | SESSION: {"application_success":{"name":"Yohani Abeykoon","ref":"733EA76A","course":"Certificate in Basic Gemmology"},"session_id":"SESSION0002584679436M89394886N7","success_indicator":"0ad8f4f132ad47d3","order_id":"733EA76A-FIRST-1767154880","reference_no":"733EA76A","amount_to_pay":27000,"installment_type":"first","application_id":183}
[2025-12-31 04:24:51] Payment recorded | Amount: Rs. 27000 | Due: Rs. 25000 | Charge Type: payable | Ref: 733EA76A
[2025-12-31 04:24:55] complete.php accessed – GET: {"resultIndicator":"0ad8f4f132ad47d3","sessionVersion":"6335348509","checkoutVersion":"1.0.0"} | SESSION: []
[2026-01-07 12:55:05] complete.php accessed – GET: {"resultIndicator":"a83af27756cc4207","sessionVersion":"5dad53c909","checkoutVersion":"1.0.0"} | SESSION: {"user":{"email":"admin_gem@gmail.com","username":"admin_gem"},"application_success":{"name":"Yohani Abeykoon","ref":"1079D146","course":"Certificate in Blended Gemmology"},"session_id":"SESSION0002576849232N1641038N91","success_indicator":"a83af27756cc4207","order_id":"1079D146-FULL-1767790394","reference_no":"1079D146","amount_to_pay":35000,"installment_type":"full","application_id":194}
[2026-01-07 12:55:05] Payment recorded | Amount: Rs. 35000 | Due: Rs. 0 | Charge Type: payable | Ref: 1079D146
[2026-01-07 12:55:06] complete.php accessed – GET: {"resultIndicator":"a83af27756cc4207","sessionVersion":"5dad53c909","checkoutVersion":"1.0.0"} | SESSION: []
